---
source: crates/dlin-core/src/graph/filter/tests/collapse.rs
assertion_line: 1687
expression: render_mermaid(&filtered)
---
flowchart LR
    model_final["final"]
    model_intermediate["intermediate"]
    source_raw_a(["a"])

    model_intermediate -->|"ref (via 1)"| model_final
    source_raw_a -.->|"source (via 1)"| model_intermediate

    classDef model fill:#4A90D9,stroke:#333,color:#fff
    classDef source fill:#27AE60,stroke:#333,color:#fff
    class model_final model
    class model_intermediate model
    class source_raw_a source
