---
source: src/render/html.rs
expression: pretty
---
{
  "edges": [
    {
      "edge_type": "source",
      "source": "source.raw.orders",
      "target": "model.stg_orders"
    },
    {
      "edge_type": "ref",
      "source": "model.stg_orders",
      "target": "model.orders"
    },
    {
      "edge_type": "test",
      "source": "model.orders",
      "target": "test.orders_positive"
    },
    {
      "edge_type": "exposure",
      "source": "model.orders",
      "target": "exposure.dashboard"
    }
  ],
  "nodes": [
    {
      "label": "raw.orders",
      "node_type": "source",
      "unique_id": "source.raw.orders"
    },
    {
      "label": "stg_orders",
      "node_type": "model",
      "unique_id": "model.stg_orders"
    },
    {
      "label": "orders",
      "node_type": "model",
      "unique_id": "model.orders"
    },
    {
      "label": "orders_positive",
      "node_type": "test",
      "unique_id": "test.orders_positive"
    },
    {
      "label": "dashboard",
      "node_type": "exposure",
      "unique_id": "exposure.dashboard"
    }
  ]
}
