---
source: src/render/json.rs
expression: output
---
{
  "nodes": [
    {
      "columns": [
        "order_id",
        "customer_id"
      ],
      "description": "Orders mart model",
      "file_path": "models/orders.sql",
      "label": "orders",
      "materialization": "table",
      "node_type": "model",
      "sql_content": null,
      "tags": [
        "daily",
        "core"
      ],
      "unique_id": "model.orders"
    }
  ],
  "edges": []
}
